c7e00000 T _start
c7e00020 t _undefined_instruction
c7e00024 t _software_interrupt
c7e00028 t _prefetch_abort
c7e0002c t _data_abort
c7e00030 t _not_used
c7e00034 t _irq
c7e00038 t _fiq
c7e0003c t _pad
c7e00040 T _end_vect
c7e00040 t _TEXT_BASE
c7e00044 t _TEXT_PHY_BASE
c7e00048 T _armboot_start
c7e0004c T _bss_start
c7e00050 T _bss_end
c7e00054 t reset
c7e00064 t cpu_init_crit
c7e000b8 t after_copy
c7e000b8 t enable_mmu
c7e000d8 t mmu_on
c7e000f4 t skip_hw_init
c7e000f4 t stack_setup
c7e000f8 t clear_bss
c7e00104 t clbss_l
c7e00118 t _start_armboot
c7e0011c t _mmu_table_base
c7e00120 T copy_from_nand
c7e0016c t copy_failed
c7e00174 t compare_failed
c7e0017c T theLastJump
c7e00198 t phy_last_jump
c7e001c0 t undefined_instruction
c7e00220 t software_interrupt
c7e00280 t prefetch_abort
c7e002e0 t data_abort
c7e00340 t not_used
c7e003a0 t irq
c7e00400 t fiq
c7e00460 T arm1136_cache_flush
c7e00480 T mem_ctrl_asm_init
c7e0057c t check_dmc1_ready
c7e00598 T cleanDCache
c7e005a4 T cleanFlushDCache
c7e005b0 T cleanFlushCache
c7e005dc t nandll_read_page
c7e0069c T copy_uboot_to_ram
c7e007a4 T raise
c7e007a8 T __aeabi_ldiv0
c7e007ac T __div0
c7e007b0 t _TEXT_BASE
c7e007b4 T lowlevel_init
c7e00894 t wakeup_reset
c7e008c0 t system_clock_init
c7e008e8 t wait_for_async
c7e00990 t uart_asm_init
c7e009e0 t nand_asm_init
c7e00a68 t READ_TIMER
c7e00a80 T enable_interrupts
c7e00a84 T disable_interrupts
c7e00a8c T set_timer
c7e00a9c T reset_timer_masked
c7e00abc T reset_timer
c7e00ac0 T get_timer_masked
c7e00b08 T get_timer
c7e00b1c T udelay
c7e00b90 T udelay_masked
c7e00c04 T get_ticks
c7e00c18 T get_tbclk
c7e00c30 T interrupt_init
c7e00cac T show_regs
c7e00dec T bad_mode
c7e00e08 T do_irq
c7e00e2c T do_fiq
c7e00e50 T do_not_used
c7e00e74 T do_data_abort
c7e00e98 T do_prefetch_abort
c7e00ebc T do_software_interrupt
c7e00ee0 T do_undefined_instruction
c7e00f04 t read_p15_c1
c7e00f0c t write_p15_c1
c7e00f14 t cp_delay
c7e00f40 T cpu_init
c7e00f48 T icache_enable
c7e00f64 T icache_disable
c7e00f80 T icache_status
c7e00f94 T dcache_enable
c7e00fb0 T dcache_disable
c7e00fcc T dcache_status
c7e00fe0 T branch_enable
c7e00ffc T branch_disable
c7e01018 T branch_status
c7e0102c T cleanup_before_linux
c7e01058 T reset_cpu
c7e01090 T do_reset
c7e010a8 t S3C64XX_GetBase_UART
c7e010b8 T serial_setbrg
c7e010bc T serial_init
c7e010cc T serial_getc
c7e010ec T serial_putc
c7e0111c T serial_tstc
c7e01134 T serial_puts
c7e0115c t get_PLLCLK
c7e011c8 T get_UCLK
c7e011d0 T get_FCLK
c7e011d8 T get_PCLK
c7e0122c T get_HCLK
c7e01280 T get_ARMCLK
c7e012a8 T print_cpuinfo
c7e013b0 T sbrk
c7e013e4 T hang
c7e013f4 t display_dram_config
c7e01424 t display_banner
c7e01444 t init_baudrate
c7e014a4 T start_armboot
c7e01688 t __fswab16
c7e0169c t __fswab32
c7e016bc t startAgainTimeout
c7e016d0 t startAgainHandler
c7e016d4 T NetSetHandler
c7e016e4 T NetCksum
c7e0172c T NetCksumOk
c7e01750 T copy_filename
c7e017a8 T string_to_VLAN
c7e017f4 T getenv_VLAN
c7e01804 T string_to_ip
c7e0186c T getenv_IPaddr
c7e0187c T NetEthHdrSize
c7e018c0 T VLAN_to_string
c7e01918 T ip_to_string
c7e01958 T print_IPaddr
c7e01974 t NetCopyIP
c7e0197c T NetSetIP
c7e01a7c T NetSetEther
c7e01b30 t NetReadIP
c7e01b4c t PingHandler
c7e01b74 t NetWriteIP
c7e01b90 T NetSendPacket
c7e01b94 T ArpRequest
c7e01c80 T NetReceive
c7e02150 T PingSend
c7e0228c T NetSetTimeout
c7e022bc T NetSendUDPPacket
c7e023f8 T NetStartAgain
c7e02474 T ArpTimeoutCheck
c7e024e8 t PingTimeout
c7e02504 T NetLoop
c7e028f0 t __fswab16
c7e02904 t TftpSend
c7e02a64 T TftpStart
c7e02c58 t TftpTimeout
c7e02cb4 t TftpHandler
c7e02eec t __fswab16
c7e02f00 t __fswab32
c7e02f20 t truncate_sz
c7e02f54 t NetWriteIP
c7e02f70 t NetCopyIP
c7e02f78 t NetReadLong
c7e02f94 T BootpRequest
c7e03198 t BootpHandler
c7e034c8 t BootpTimeout
c7e03510 T RarpRequest
c7e03618 t RarpHandler
c7e03674 t RarpTimeout
c7e036bc T eth_initialize
c7e036c4 t __fswab32
c7e036e4 t NfsTimeout
c7e03708 t basename
c7e03744 t dirname
c7e03760 t rpc_add_credentials
c7e03838 t rpc_lookup_reply
c7e038d8 t nfs_mount_reply
c7e03974 t nfs_umountall_reply
c7e039f4 t nfs_lookup_reply
c7e03a88 t rpc_req
c7e03b94 t rpc_lookup_req
c7e03bf8 t nfs_mount_req
c7e03c88 t nfs_umountall_req
c7e03ce0 t nfs_lookup_req
c7e03d84 t nfs_read_req
c7e03e04 t nfs_readlink_req
c7e03e5c t NfsSend
c7e03ef0 T NfsStart
c7e04124 t nfs_readlink_reply
c7e0421c t nfs_read_reply
c7e04360 t NfsHandler
c7e04548 t get_reg_init_bus
c7e045a8 t get_reg
c7e045c4 t put_reg
c7e045e0 t eth_reginit
c7e04634 T eth_halt
c7e04654 t cs8900_e2prom_ready
c7e04670 T cs8900_e2prom_read
c7e046a4 T cs8900_e2prom_write
c7e046f8 t eth_reset
c7e0475c T eth_send
c7e04824 T eth_rx
c7e048b8 T eth_init
c7e04938 T cs8900_get_enetaddr
c7e04b30 T nand_init
c7e04bcc t generic_ffs
c7e04c24 t nand_release_device
c7e04c3c t nand_read_byte
c7e04c4c t nand_read_byte16
c7e04c60 t nand_read_word
c7e04c70 t nand_write_buf
c7e04ca4 t nand_read_buf
c7e04ccc t nand_verify_buf
c7e04d14 t nand_write_buf16
c7e04d4c t nand_read_buf16
c7e04d84 t nand_verify_buf16
c7e04dd0 t nand_block_bad
c7e04eec t nand_check_wp
c7e04f28 T nand_wait_ready
c7e04f3c t nand_read_page_raw
c7e04f74 t nand_read_page_swecc
c7e0508c t nand_read_page_hwecc
c7e051bc t nand_read_page_syndrome
c7e052e0 t nand_read_oob_std
c7e05324 t nand_read_oob_syndrome
c7e05434 t nand_write_oob_std
c7e054a4 t nand_write_oob_syndrome
c7e0565c t nand_write_page_raw
c7e05690 t nand_write_page_swecc
c7e05734 t nand_write_page_hwecc
c7e05800 t nand_write_page_syndrome
c7e058f0 t single_erase_cmd
c7e0592c t multi_erase_cmd
c7e059b8 t nand_sync
c7e059bc t nand_suspend
c7e059c4 T nand_release
c7e059ec t nand_resume
c7e05a0c T nand_scan_ident
c7e05ed8 T nand_scan_tail
c7e063bc T nand_scan
c7e063dc t nand_select_chip
c7e06438 t nand_block_isbad
c7e06498 t nand_block_markbad
c7e064d4 t nand_fill_oob
c7e065e8 t nand_do_write_oob
c7e066f0 t nand_do_write_ops
c7e06a10 t nand_write_oob
c7e06ac0 t nand_write
c7e06b58 t nand_transfer_oob
c7e06c6c t nand_command
c7e06e28 t nand_command_lp
c7e07070 t nand_do_read_ops
c7e0742c t nand_read_oob
c7e075f0 T nand_read
c7e07688 t nand_write_page
c7e07774 t nand_default_block_markbad
c7e0784c T nand_erase_nand
c7e07ae4 t nand_erase
c7e07aec t nand_wait
c7e07bc0 T nand_calculate_ecc
c7e07cb8 T nand_correct_data
c7e07de4 t check_pattern
c7e07e9c t scan_read_raw
c7e07ee8 t search_bbt
c7e08080 T nand_isbad_bbt
c7e080d0 t create_bbt
c7e083d8 t read_bbt
c7e085e0 t read_abs_bbt
c7e086ac t write_bbt
c7e08ce8 T nand_update_bbt
c7e08e40 t mark_bbt_region
c7e08fac T nand_scan_bbt
c7e09420 T nand_default_bbt
c7e094e4 T run_command
c7e0991c t cread_add_char
c7e09a0c t cread_add_str
c7e09a5c T readline
c7e0a0f4 T main_loop
c7e0a214 t print_num
c7e0a228 T do_bdinfo
c7e0a2fc T do_go
c7e0a37c t __fswab32
c7e0a39c t do_imls
c7e0a3a4 T gunzip
c7e0a4fc t zfree
c7e0a504 t zalloc
c7e0a514 T print_image_hdr
c7e0a910 T do_bootm
c7e0af48 t on_off
c7e0af84 T do_branch
c7e0b008 T do_dcache
c7e0b08c T do_icache
c7e0b110 t cnvrt2
c7e0b154 T mk_date
c7e0b324 T do_date
c7e0b438 T valid_elf_image
c7e0b4ac T load_elf_image
c7e0b5b4 T do_bootvx
c7e0b730 T do_bootelf
c7e0b7d4 t flash_fill_sect_ranges
c7e0b7e4 T flash_sect_protect
c7e0b878 T flash_sect_erase
c7e0b8e8 t addr_spec
c7e0b9a4 T do_flinfo
c7e0b9dc t abbrev_spec
c7e0ba14 T do_protect
c7e0bbe0 T do_flerase
c7e0bd2c t evalstr
c7e0bd48 t evalexp
c7e0bd94 T binary_test
c7e0bf74 T do_itest
c7e0c01c T ktrans
c7e0c03c T chk1
c7e0c06c t bin_data_init
c7e0c088 t bin_data_char
c7e0c0b8 T k_data_init
c7e0c0d8 T k_data_save
c7e0c100 T k_data_restore
c7e0c128 T k_data_char
c7e0c178 T send_pad
c7e0c1a8 T s1_sendpacket
c7e0c1d4 T handle_send_packet
c7e0c398 T send_nack
c7e0c3f8 T send_ack
c7e0c458 t load_serial_ymodem
c7e0c598 t getcxmodem
c7e0c5b8 T do_load_serial_bin
c7e0ca1c t load_serial
c7e0cc48 T do_load_serial
c7e0cd28 T do_mem_base
c7e0cd6c T do_mem_crc
c7e0ce24 T do_mem_mtest
c7e0cf50 T cmd_get_data_size
c7e0cfc8 T do_mem_loop
c7e0d0cc T do_mem_cp
c7e0d1fc T do_mem_cmp
c7e0d3a0 T do_mem_mw
c7e0d474 t mod_mem
c7e0d5d0 T do_mem_nm
c7e0d5f0 T do_mem_mm
c7e0d610 T do_mem_md
c7e0d7ec T do_sleep
c7e0d87c t __fswab32
c7e0d89c t nand_read
c7e0d8c4 t str2long
c7e0d900 t arg_off_size
c7e0d9dc T do_nandboot
c7e0dc10 T do_nand
c7e0e7f0 T do_ping
c7e0e878 t netboot_common
c7e0eb34 T do_nfs
c7e0eb40 T do_rarpb
c7e0eb4c T do_tftpb
c7e0eb58 T do_bootp
c7e0eb64 t envmatch
c7e0ebd4 T getenv_r
c7e0ec94 T do_saveenv
c7e0ecc0 T getenv
c7e0ed3c T _do_setenv
c7e0f1d4 T do_setenv
c7e0f214 T setenv
c7e0f248 T do_printenv
c7e0f3ec T usb_get_class_desc
c7e0f494 T usb_display_ep_desc
c7e0f568 T usb_display_class_sub
c7e0f6dc T usb_show_tree_graph
c7e0f8f4 T usb_show_tree
c7e0f928 T usb_display_desc
c7e0fa58 T usb_display_string
c7e0fa90 T usb_display_if_desc
c7e0fb18 T usb_display_conf_desc
c7e0fbc4 T usb_display_config
c7e0fc54 T do_usb
c7e0fe30 T find_cmd
c7e0fec4 T do_echo
c7e0ff44 T do_help
c7e100f0 T do_version
c7e10110 T do_exit
c7e10140 T do_test
c7e105bc t console_setfile
c7e1065c T fgetc
c7e10684 T ftstc
c7e106ac T fputc
c7e106d8 T fputs
c7e10704 T disable_ctrlc
c7e1071c T had_ctrlc
c7e1072c T clear_ctrlc
c7e10740 T dbg
c7e1074c T console_init_f
c7e1075c T console_assign
c7e107ec T fprintf
c7e10834 T puts
c7e10850 T vprintf
c7e1087c T printf
c7e108bc T console_init_r
c7e10a60 T serial_printf
c7e10aa0 T putc
c7e10abc T tstc
c7e10ad4 T getc
c7e10aec T ctrlc
c7e10b3c T devices_done
c7e10b58 T device_register
c7e10b7c T devices_init
c7e10c3c T malloc_bin_reloc
c7e10c74 T malloc_usable_size
c7e10cb8 T mallopt
c7e10d30 T malloc_trim
c7e10dfc T free
c7e11028 T cfree
c7e1102c T malloc
c7e1160c T memalign
c7e1171c T pvalloc
c7e11734 T valloc
c7e11740 T calloc
c7e11820 T realloc
c7e11c9c T env_get_char_memory
c7e11cbc T env_get_addr
c7e11cdc t env_get_char_init
c7e11cfc T env_crc_update
c7e11d28 T env_relocate
c7e11db8 T env_get_char_spec
c7e11dc4 T env_init
c7e11de0 T saveenv
c7e11ea0 t use_default
c7e11f2c T env_relocate_spec
c7e11fb4 t dummy
c7e11fb8 T get_version
c7e11fc0 T jumptable_init
c7e12078 T flash_protect
c7e12174 T addr2info
c7e1217c T flash_write
c7e1218c T flash_perror
c7e1226c t b_reset
c7e12288 T simple_itoa
c7e122dc t static_get
c7e122f8 t static_peek
c7e12304 t file_peek
c7e12310 t setup_string_in_str
c7e1233c t indenter
c7e1234c t is_assignment
c7e123a8 T mapset
c7e123d4 T u_boot_hush_start
c7e1245c t file_get
c7e1262c t syntax_err
c7e12638 t xmalloc
c7e12658 T new_pipe
c7e12680 t free_pipe_list
c7e1276c t b_free
c7e12790 t xrealloc
c7e127b0 t done_command
c7e12838 t initialize_context
c7e12870 t done_pipe
c7e128c0 t b_addchr
c7e1293c t b_addqchr
c7e12988 T reserved_word
c7e12ac0 t done_word
c7e12c44 t insert_var_value
c7e12df4 t set_local_var
c7e12fa4 T update_ifs_map
c7e13014 t parse_stream_outer
c7e135f4 T parse_file_outer
c7e13638 T parse_string_outer
c7e13700 t run_list_real
c7e13eac T GetHandleSize
c7e13eb4 T ListSetAllocationPolicy
c7e13ec8 T ListGetPtrToItem
c7e13f00 T ListGetDataPtr
c7e13f0c T ListGetItemSize
c7e13f18 T ListNumItems
c7e13f24 T ListGetItems
c7e13f6c T SetHandleSize
c7e13fe8 T ListInsertItems
c7e141b8 T ListInsertItem
c7e141c0 T DisposeHandle
c7e141e0 T ListDispose
c7e141e4 T NewHandle
c7e14240 T ListCreate
c7e142a0 t hex1_bin
c7e142d8 t hex2_bin
c7e1430c T srec_decode
c7e1457c T usb_disable_asynch
c7e14594 T usb_maxpacket
c7e145b8 T usb_set_maxpacket
c7e146c4 T usb_get_dev_index
c7e146f4 T usb_hub_reset
c7e14708 T usb_hub_allocate
c7e14750 T usb_alloc_new_device
c7e147ec T usb_parse_config
c7e14980 T usb_submit_int_msg
c7e14984 T usb_stop
c7e149b4 T wait_ms
c7e149d8 T usb_bulk_msg
c7e14a3c T usb_control_msg
c7e14b3c T usb_get_port_status
c7e14b9c T usb_get_hub_status
c7e14bf0 T usb_set_port_feature
c7e14c50 T usb_clear_port_feature
c7e14cb0 T usb_clear_hub_feature
c7e14d04 T usb_get_hub_descriptor
c7e14d60 T usb_get_string
c7e14dec t usb_string_sub
c7e14ef0 T usb_string
c7e14ff0 T usb_get_class_descriptor
c7e15060 T usb_get_report
c7e150d0 T usb_set_idle
c7e15134 T usb_set_protocol
c7e15194 T usb_set_configuration
c7e151fc T usb_set_interface
c7e152c8 T usb_set_address
c7e1530c T usb_get_descriptor
c7e15378 T usb_get_configuration_no
c7e15420 T usb_clear_halt
c7e154d4 t usb_hub_power_on
c7e15518 T usb_hub_port_connect_change
c7e15674 T usb_hub_configure
c7e158b4 T usb_hub_probe
c7e15914 T usb_new_device
c7e15ba4 T usb_scan_devices
c7e15c08 T usb_init
c7e15c84 T parse_num
c7e15dac T xyzModem_error
c7e15e48 T xyzModem_stream_close
c7e15e94 T CYGACC_COMM_IF_PUTC
c7e15e9c T CYGACC_COMM_IF_GETC_TIMEOUT
c7e15ef0 t xyzModem_flush
c7e15f18 T xyzModem_stream_terminate
c7e15fec t xyzModem_get_hdr
c7e16270 T xyzModem_stream_read
c7e164fc T xyzModem_stream_open
c7e1665c T do_usbd_dnw
c7e16770 T cyg_crc16
c7e167b8 T crc32
c7e168cc T crc32_no_comp
c7e169d8 T print_size
c7e16a78 T display_options
c7e16a98 T strcpy
c7e16ab4 T strncpy
c7e16adc T strcat
c7e16b10 T strncat
c7e16b74 T strcmp
c7e16bac T strncmp
c7e16bfc T strchr
c7e16c28 T strlen
c7e16c48 T strrchr
c7e16c80 T strnlen
c7e16ca8 T strspn
c7e16cec T strpbrk
c7e16d2c T strtok
c7e16dac T strsep
c7e16de0 T strswab
c7e16e2c T memset
c7e16e4c T bcopy
c7e16e78 T memcpy
c7e16e9c T memmove
c7e16ef8 T memcmp
c7e16f38 T memscan
c7e16f68 T strstr
c7e16fcc T memchr
c7e16ffc T strdup
c7e17030 T simple_strtoul
c7e170e8 T simple_strtol
c7e17110 t skip_atoi
c7e17148 t number
c7e173b4 T panic
c7e17404 T vsprintf
c7e17808 T sprintf
c7e17830 t falloc
c7e17854 t ffree
c7e17858 t inflate_trees_free
c7e1788c t huft_build
c7e17e54 t inflate_trees_fixed
c7e18050 t inflate_codes_new
c7e180a0 t inflate_codes_free
c7e180c0 t inflate_blocks_reset
c7e18188 T inflateEnd
c7e18220 T inflateReset
c7e18280 T inflateSync
c7e18380 T inflateInit2
c7e184c4 T inflateInit
c7e184cc T adler32
c7e18644 T inflateIncomp
c7e18770 t inflate_flush
c7e188e4 T inflate
c7e1a5c4 T board_init
c7e1a614 T dram_init
c7e1a634 T virt_to_phy_smdk6410
c7e1a664 T checkboard
c7e1a67c T board_late_init
c7e1a714 t write_hword
c7e1a80c T write_buff
c7e1a980 T flash_print_info
c7e1aa94 T flash_erase
c7e1ac98 T flash_init
c7e1ace4 t IsACK
c7e1acfc t ReadWriteByte
c7e1ad14 t WaitForXfer
c7e1ad60 t i2c_transfer
c7e1b04c T i2c_write
c7e1b0dc T vga_init
c7e1b144 T i2c_read
c7e1b1dc T i2c_probe
c7e1b218 T i2c_init
c7e1b2ec t td_alloc
c7e1b32c t urb_free_priv
c7e1b364 T rh_check_port_status
c7e1b36c T submit_common_msg
c7e1b374 T submit_bulk_msg
c7e1b37c T submit_control_msg
c7e1b384 T submit_int_msg
c7e1b38c T usb_lowlevel_init
c7e1b394 T usb_lowlevel_stop
c7e1b39c t td_fill
c7e1b450 T sohci_submit_job
c7e1b9dc t s3c_nand_hwcontrol
c7e1ba54 t s3c_nand_device_ready
c7e1ba70 t s3c_nand_wait_enc
c7e1ba88 t s3c_nand_wait_dec
c7e1baa0 t s3c_nand_enable_hwecc
c7e1bb04 t s3c_nand_calculate_ecc
c7e1bbb8 T s3c_nand_enable_hwecc_8bit
c7e1bc08 T s3c_nand_calculate_ecc_8bit
c7e1bcbc T s3c_nand_write_page_8bit
c7e1bd74 t s3c_nand_read_page_4bit
c7e1be88 t s3c_nand_write_page_4bit
c7e1bf54 T board_nand_init
c7e1c208 t s3c_nand_correct_data
c7e1c3e4 T s3c_nand_correct_data_8bit
c7e1c52c T s3c_nand_read_page_8bit
c7e1c62c t s3c_nand_scan_bbt
c7e1c630 T s3c_usb_core_soft_reset
c7e1c650 T s3c_usb_init_core
c7e1c66c T s3c_usb_check_current_mode
c7e1c680 T s3c_usb_set_soft_disconnect
c7e1c694 T s3c_usb_clear_soft_disconnect
c7e1c6a8 T s3c_usb_init_device
c7e1c6e8 T s3c_usbc_activate
c7e1c6f0 T s3c_usb_stop
c7e1c6f8 T s3c_usb_set_inep_xfersize
c7e1c724 T s3c_usb_set_outep_xfersize
c7e1c754 T s3c_usb_write_ep0_fifo
c7e1c7ac T s3c_usb_write_in_fifo
c7e1c804 T s3c_usb_read_out_fifo
c7e1c858 T s3c_usb_get_desc
c7e1ca28 T s3c_usb_clear_feature
c7e1caa4 T s3c_usb_set_feature
c7e1cc04 T s3c_usb_get_status
c7e1ccac T s3c_usb_ep0_int_hndlr
c7e1cec4 T s3c_usb_set_otherspeed_conf_desc
c7e1cfe4 T s3c_usb_transfer_ep0
c7e1dca8 T s3c_usb_int_bulkin
c7e1de74 T s3c_usb_upload_start
c7e1e0a0 T s3c_usb_download_start
c7e1e2ac T s3c_usb_dma_in_done
c7e1e3bc T s3c_usb_set_all_outep_nak
c7e1e3e4 T s3c_usb_clear_all_outep_nak
c7e1e40c T s3c_usb_set_max_pktsize
c7e1e4bc T s3c_usb_set_endpoint
c7e1e510 T s3c_usb_set_descriptors
c7e1e6ac T s3c_usb_check_speed
c7e1e6c4 T s3c_usb_clear_dnfile_info
c7e1e704 T s3c_usb_clear_upfile_info
c7e1e744 T s3c_usb_check_setconf
c7e1e774 T s3c_usb_set_opmode
c7e1e844 T s3c_usb_reset
c7e1e8ac T s3c_usb_set_init
c7e1e908 T s3c_usb_verify_checksum
c7e1e9d0 T s3c_usb_download_continue
c7e1eb3c T s3c_usb_int_bulkout
c7e1eb8c T s3c_usb_pkt_receive
c7e1ec0c T s3c_usb_print_pkt
c7e1ec58 T s3c_usb_dma_out_done
c7e1ed74 T s3c_usb_transfer
c7e1ee98 T s3c_udc_int_hndlr
c7e1ef34 T s3c_usb_wait_cable_insert
c7e1ef80 T s3c_usb_init_phy
c7e1efb8 T s3c_usbctl_init
c7e1f07c t __fswab32
c7e1f09c T do_bootm_linux
c7e1f48c T flush_cache
c7e1f490 T GregorianDay
c7e1f584 T to_tm
c7e1f694 T mktime
c7e1f728 t SetRTC_Access
c7e1f764 t bcd2bin
c7e1f778 t bin2bcd
c7e1f7ac T rtc_get
c7e1f8b0 T rtc_set
c7e1f950 T rtc_reset
c7e1f978 t nand_block_bad_scrub
c7e1f980 T nand_lock
c7e1f9d4 T nand_unlock
c7e1fae4 T nand_get_lock_status
c7e1fb70 T nand_read_opts
c7e1ff18 T nand_write_opts
c7e20438 T nand_erase_opts
c7e207a4 T __div64_32
c7e20898 T __aeabi_uidiv
c7e20898 T __udivsi3
c7e20898 t .udivsi3_nodiv0
c7e20a84 T __aeabi_uidivmod
c7e20aa4 T __aeabi_idiv
c7e20aa4 T __divsi3
c7e20aac t .divsi3_nodiv0
c7e20cc4 T __aeabi_idivmod
c7e20ce4 T __aeabi_lasr
c7e20ce4 T __ashrdi3
c7e20d00 T __aeabi_llsl
c7e20d00 T __ashldi3
c7e20d1c W __aeabi_idiv0
c7e20f48 r C.8.2231
c7e20fc8 R version_string
c7e21009 r default_nand_name
c7e2100e r __FUNCTION__.4020
c7e2101d r __FUNCTION__.2572
c7e2102e r __FUNCTION__.3563
c7e2103c r __FUNCTION__.3076
c7e2104e r C.19.2730
c7e21050 r nand_ecc_precalc_table
c7e21150 r baudrate_table
c7e21164 r crc16_tab
c7e21364 r crc_table
c7e21764 r border
c7e217b0 r inflate_mask
c7e217f4 R config_full
c7e217fd R config_full_total
c7e2181d R config_high
c7e21826 R config_high_total
c7e21846 R qualifier_desc
c7e21850 R string_desc0
c7e21854 R string_desc1
c7e2186a R string_desc2
c7e21898 r C.7.1894
c7e273d0 D init_sequence
c7e27404 D NetOurVLAN
c7e27406 D NetBcastAddr
c7e2740c D NetOurNativeVLAN
c7e27410 d nfs_offset
c7e27414 D nand_curr_device
c7e27418 d nand_oob_8
c7e27568 d nand_oob_16
c7e276b8 d nand_oob_64
c7e27808 d nand_oob_128
c7e27958 D nand_flash_ids
c7e27ef8 D nand_manuf_ids
c7e27f38 d bbt_main_descr
c7e27f5c d bbt_mirror_descr
c7e27f80 d agand_flashbased
c7e27fa4 d smallpage_flashbased
c7e27fc8 d largepage_flashbased
c7e27fec d smallpage_memorybased
c7e28010 d largepage_memorybased
c7e28034 d bbt_pattern
c7e28038 d mirror_pattern
c7e2803c d scan_agand_pattern
c7e28042 d scan_ff_pattern
c7e28044 d hist_cur
c7e28048 D load_addr
c7e2804c D weekdays
c7e28068 D op_table
c7e280d0 d do_echo
c7e280d4 D dp_last_length
c7e280d8 D stdio_names
c7e280e4 d av_
c7e284ec d trim_threshold
c7e284f0 d mmap_threshold
c7e284f4 d sbrk_base
c7e284f8 D default_environment
c7e28628 D env_get_char
c7e2862c D default_environment_size
c7e28630 D env_name_spec
c7e28634 d blanks.2356
c7e2865c d reserved_list
c7e286e0 D _ctype
c7e287e0 d fixed_left
c7e287e4 d cplens
c7e28860 d cplext
c7e288dc d cpdist
c7e28954 d cpdext
c7e289cc D zlib_version
c7e289d0 D z_errmsg
c7e289f0 d CH7026_REGS_VGA_800
c7e28b50 D CH7026_REGS_VGA_640
c7e28cc8 D CH7026_REGS_TV
c7e28e08 d s3c_nand_oob_mlc_64
c7e28f58 d s3c_nand_oob_16
c7e290a8 d s3c_nand_oob_mlc_128
c7e291f8 d s3c_nand_oob_mlc_128_8bit
c7e29348 D test_pkt
c7e29380 d month_days
c7e293b0 d autoplace_oobinfo
c7e29500 d jffs2_oobinfo
c7e29650 d yaffs_oobinfo
c7e297a0 A __u_boot_cmd_start
c7e297a0 D __u_boot_cmd_bdinfo
c7e297b8 D __u_boot_cmd_go
c7e297d0 D __u_boot_cmd_reset
c7e297e8 D __u_boot_cmd_bootm
c7e29800 D __u_boot_cmd_imls
c7e29818 D __u_boot_cmd_icache
c7e29830 D __u_boot_cmd_dcache
c7e29848 D __u_boot_cmd_branch
c7e29860 D __u_boot_cmd_date
c7e29878 D __u_boot_cmd_bootelf
c7e29890 D __u_boot_cmd_bootvx
c7e298a8 D __u_boot_cmd_flinfo
c7e298c0 D __u_boot_cmd_erase
c7e298d8 D __u_boot_cmd_protect
c7e298f0 D __u_boot_cmd_itest
c7e29908 D __u_boot_cmd_loads
c7e29920 D __u_boot_cmd_loadb
c7e29938 D __u_boot_cmd_loady
c7e29950 D __u_boot_cmd_md
c7e29968 D __u_boot_cmd_mm
c7e29980 D __u_boot_cmd_nm
c7e29998 D __u_boot_cmd_mw
c7e299b0 D __u_boot_cmd_cp
c7e299c8 D __u_boot_cmd_cmp
c7e299e0 D __u_boot_cmd_crc32
c7e299f8 D __u_boot_cmd_base
c7e29a10 D __u_boot_cmd_loop
c7e29a28 D __u_boot_cmd_mtest
c7e29a40 D __u_boot_cmd_sleep
c7e29a58 D __u_boot_cmd_nand
c7e29a70 D __u_boot_cmd_nboot
c7e29a88 D __u_boot_cmd_bootp
c7e29aa0 D __u_boot_cmd_tftpboot
c7e29ab8 D __u_boot_cmd_rarpboot
c7e29ad0 D __u_boot_cmd_nfs
c7e29ae8 D __u_boot_cmd_ping
c7e29b00 D __u_boot_cmd_printenv
c7e29b18 D __u_boot_cmd_setenv
c7e29b30 D __u_boot_cmd_saveenv
c7e29b48 D __u_boot_cmd_usb
c7e29b60 D __u_boot_cmd_version
c7e29b78 D __u_boot_cmd_echo
c7e29b90 D __u_boot_cmd_test
c7e29ba8 D __u_boot_cmd_exit
c7e29bc0 D __u_boot_cmd_help
c7e29bd8 D __u_boot_cmd_question_mark
c7e29bf0 D __u_boot_cmd_dnw
c7e29c08 A __u_boot_cmd_end
c7e2c000 R mmu_table
c7e30000 A __bss_start
c7e30000 b timestamp
c7e30004 b lastdec
c7e30008 B timer_load_val
c7e3000c b mem_malloc_brk
c7e30010 b mem_malloc_start
c7e30014 b mem_malloc_end
c7e30018 B monitor_flash_len
c7e3001c B NetState
c7e30020 b packetHandler
c7e30024 B NetIPID
c7e30028 B NetOurIP
c7e3002c B NetOurEther
c7e30034 B NetPingIP
c7e30038 B NetTxPacket
c7e3003c B NetArpWaitPacketIP
c7e30040 B NetOurSubnetMask
c7e30044 B NetOurGatewayIP
c7e30048 B NetArpWaitReplyIP
c7e3004c B NetRxPkt
c7e30050 B NetRxPktLen
c7e30054 B NetArpWaitPacketMAC
c7e30058 B NetArpWaitTxPacket
c7e3005c B NetArpWaitTxPacketSize
c7e30060 B NetServerIP
c7e30064 B NetServerEther
c7e3006a b mac.2519
c7e30070 B NetEtherNullAddr
c7e30076 b PingSeqNo
c7e30078 B NetArpWaitTry
c7e3007c B NetArpWaitTimerStart
c7e30080 b timeHandler
c7e30084 b timeStart
c7e30088 b timeDelta
c7e3008c B PktBuf
c7e31eac B NetRxPackets
c7e31ebc B NetArpWaitPacketBuf
c7e324dc B NetBootFileXferSize
c7e324e0 B NetOurDNSIP
c7e324e4 B NetOurNISDomain
c7e32504 B NetOurHostName
c7e32524 B NetOurRootPath
c7e32564 B NetBootFileSize
c7e32566 B BootFile
c7e325e8 b TftpState
c7e325ec b tftp_filename
c7e325f0 b TftpBlock
c7e325f4 b TftpServerPort
c7e325f8 b TftpOurPort
c7e325fc b default_filename
c7e3260c b TftpTimeoutCount
c7e32610 b TftpBlockWrap
c7e32614 b TftpBlockWrapOffset
c7e32618 b TftpLastBlock
c7e3261c B BootpTry
c7e32620 B BootpID
c7e32624 B RarpTry
c7e32628 b rpc_id
c7e3262c b NfsSrvMountPort
c7e32630 b NfsSrvNfsPort
c7e32634 b fs_mounted
c7e32638 b dirfh
c7e32658 b filefh
c7e32678 b NfsServerIP
c7e3267c b NfsOurPort
c7e32680 b NfsState
c7e32684 b nfs_path
c7e32688 b nfs_filename
c7e3268c b nfs_len
c7e32690 b NfsDownloadState
c7e32694 b nfs_path_buff
c7e32e94 b default_filename
c7e32ed4 b NfsTimeoutCount
c7e32ed8 B nand_info
c7e32f8c b nand_chip
c7e33090 b initted.2111
c7e33094 b hist_max
c7e33098 b hist_add_idx
c7e3309c B hist_num
c7e330a0 B hist_lines
c7e344a0 B hist_list
c7e344f0 B console_buffer
c7e345f0 B header
c7e34630 b os_data_state
c7e34634 B os_data_count
c7e34638 b os_data_addr
c7e3463c b bin_start_address
c7e34640 b k_data_escape
c7e34644 B os_data_init
c7e34648 b k_data_escape_saved
c7e3464c b os_data_state_saved
c7e34650 b os_data_count_saved
c7e34654 b os_data_addr_saved
c7e34658 B os_data_char
c7e3465c B his_quote
c7e34660 B his_pad_count
c7e34664 B his_pad_char
c7e34665 B his_eol
c7e34668 B send_ptr
c7e3466c B send_parms
c7e34680 b a_b
c7e34698 B os_data_header
c7e346b8 b base_address
c7e346bc B mm_last_addr
c7e346c0 B mm_last_size
c7e346c4 B dp_last_addr
c7e346c8 B dp_last_size
c7e346cc b ctrlc_disabled
c7e346d0 b ctrlc_was_pressed
c7e346d4 B devlist
c7e346d8 B stdio_devices
c7e346e4 b top_pad
c7e346e8 b n_mmaps_max
c7e346ec b current_mallinfo
c7e34714 b max_sbrked_mem
c7e34718 b max_total_mem
c7e3471c B env_ptr
c7e34720 b local.2147
c7e34736 b map
c7e34838 b top_vars
c7e3483c b flag_repeat
c7e34840 b do_repeat
c7e34844 b the_command.2174
c7e34944 b buf.2614
c7e3496c B last_return_code
c7e34970 b ifs
c7e34974 B nesting_level
c7e34978 b asynch_allowed
c7e3497c b usb_dev
c7e411fc b usb_hub_index
c7e41200 b hub_dev
c7e41300 b dev_index
c7e41304 B usb_started
c7e41305 b setup_packet
c7e41310 b running
c7e41314 b xyz
c7e41750 B ___strtok
c7e41754 b fixed_mem
c7e427e4 b fixed_lock
c7e427e8 b fixed_built
c7e427ec b fixed_bl
c7e427f0 b fixed_tl
c7e427f4 b fixed_bd
c7e427f8 b fixed_td
c7e427fc B flash_info
c7e42800 B ptd
c7e42804 b gohci
c7e428d0 B ohci_dev
c7e42a60 B urb_priv
c7e42b40 B gtd
c7e43c00 B ghcca
c7e43d00 B phcca
c7e43d04 B got_rhsc
c7e43d08 B devgone
c7e43e00 B boot_nand
c7e43e04 B cur_ecc_mode
c7e43e08 B nand_type
c7e43e0c B otg
c7e43e90 B remode_wakeup
c7e43e94 B get_status
c7e43e9a B config_value
c7e43e9c B get_intf
c7e43ea0 B s3c_usbd_dn_addr
c7e43ea4 B op_mode
c7e43ea8 B s3c_receive_done
c7e43eac B speed
c7e43eb0 B s3c_got_header
c7e43eb4 B DNW
c7e43eb8 b params
c7e43ebc b data_buf
c7e446bc b oob_buf
c7e446fc b none_oobinfo
c7e4484c A _end
